...........................s.....................F...................... [ 43%]
........................................................................ [ 87%]
.....................                                                    [100%]
=================================== FAILURES ===================================
________________________ test_main_simulation_headless _________________________

capsys = <_pytest.capture.CaptureFixture object at 0xffff48199e80>

    def test_main_simulation_headless(capsys):
        stats = main_module.run(["--source", "simulation", "--max-frames", "10"])
        assert isinstance(stats, PipelineStats)
        assert stats.total_frames == 10
>       assert stats.backend == "numpy"
E       AssertionError: assert 'pycuda' == 'numpy'
E         
E         - numpy
E         + pycuda

tests/test_main.py:14: AssertionError
----------------------------- Captured stdout call -----------------------------
frame     1 | STATIC | diff=  0.00
frame     2 | STATIC | diff=  2.02
frame     3 | STATIC | diff=  2.02
frame     4 | STATIC | diff=  2.02
frame     5 | STATIC | diff=  2.00
frame     6 | STATIC | diff=  2.00
frame     7 | STATIC | diff=  2.01
frame     8 | STATIC | diff=  2.02
frame     9 | STATIC | diff=  2.01
frame    10 | STATIC | diff=  2.02

=== PipelineStats ===
total_frames      : 10
motion_events     : 0
avg_processing_ms : 5.37
backend           : pycuda
========================== kernel vs NumPy deviation ===========================
grayscale 77x101      observed 1.526e-05  atol 1e-04  ( 15.3% of budget)
grayscale 2d 77x101   observed 0.000e+00  atol 1e-04  (  0.0% of budget)
blur k=3 77x101       observed 3.052e-05  atol 5e-04  (  6.1% of budget)
blur k=5 77x101       observed 3.052e-05  atol 5e-04  (  6.1% of budget)
blur k=9 77x101       observed 3.052e-05  atol 5e-04  (  6.1% of budget)
blur k=33 77x101      observed 3.052e-05  atol 5e-04  (  6.1% of budget)
absdiff 77x101        observed 0.000e+00  atol 1e-05  (  0.0% of budget)
grayscale (240, 320)  observed 1.526e-05  atol 1e-04  ( 15.3% of budget)
grayscale (478, 638)  observed 1.526e-05  atol 1e-04  ( 15.3% of budget)
grayscale (480, 640)  observed 1.526e-05  atol 1e-04  ( 15.3% of budget)
blur k=3 (240, 320)   observed 3.052e-05  atol 5e-04  (  6.1% of budget)
blur k=3 (478, 638)   observed 4.578e-05  atol 5e-04  (  9.2% of budget)
blur k=3 (480, 640)   observed 4.578e-05  atol 5e-04  (  9.2% of budget)
blur k=5 (240, 320)   observed 4.578e-05  atol 5e-04  (  9.2% of budget)
blur k=5 (478, 638)   observed 4.578e-05  atol 5e-04  (  9.2% of budget)
blur k=5 (480, 640)   observed 3.052e-05  atol 5e-04  (  6.1% of budget)
blur k=9 (240, 320)   observed 4.578e-05  atol 5e-04  (  9.2% of budget)
blur k=9 (478, 638)   observed 4.578e-05  atol 5e-04  (  9.2% of budget)
blur k=9 (480, 640)   observed 4.578e-05  atol 5e-04  (  9.2% of budget)
blur k=15 (240, 320)  observed 4.578e-05  atol 5e-04  (  9.2% of budget)
blur k=15 (478, 638)  observed 4.578e-05  atol 5e-04  (  9.2% of budget)
blur k=15 (480, 640)  observed 6.104e-05  atol 5e-04  ( 12.2% of budget)
absdiff (240, 320)    observed 0.000e+00  atol 1e-05  (  0.0% of budget)
absdiff (478, 638)    observed 0.000e+00  atol 1e-05  (  0.0% of budget)
absdiff (480, 640)    observed 0.000e+00  atol 1e-05  (  0.0% of budget)
=========================== short test summary info ============================
FAILED tests/test_main.py::test_main_simulation_headless - AssertionError: assert 'pycuda' == 'numpy'
  
  - numpy
  + pycuda
1 failed, 163 passed, 1 skipped in 265.62s (0:04:25)
