........................................................................ [ 63%]
.........................................                                [100%]
========================== kernel vs NumPy deviation ===========================
grayscale 77x101      observed 1.526e-05  atol 1e-04  ( 15.3% of budget)
grayscale 2d 77x101   observed 0.000e+00  atol 1e-04  (  0.0% of budget)
blur k=3 77x101       observed 3.052e-05  atol 5e-04  (  6.1% of budget)
blur k=5 77x101       observed 3.052e-05  atol 5e-04  (  6.1% of budget)
blur k=9 77x101       observed 3.052e-05  atol 5e-04  (  6.1% of budget)
blur k=33 77x101      observed 3.052e-05  atol 5e-04  (  6.1% of budget)
absdiff 77x101        observed 0.000e+00  atol 1e-05  (  0.0% of budget)
grayscale (240, 320)  observed 1.526e-05  atol 1e-04  ( 15.3% of budget)
grayscale (478, 638)  observed 1.526e-05  atol 1e-04  ( 15.3% of budget)
grayscale (480, 640)  observed 1.526e-05  atol 1e-04  ( 15.3% of budget)
blur k=3 (240, 320)   observed 3.052e-05  atol 5e-04  (  6.1% of budget)
blur k=3 (478, 638)   observed 4.578e-05  atol 5e-04  (  9.2% of budget)
blur k=3 (480, 640)   observed 4.578e-05  atol 5e-04  (  9.2% of budget)
blur k=5 (240, 320)   observed 4.578e-05  atol 5e-04  (  9.2% of budget)
blur k=5 (478, 638)   observed 4.578e-05  atol 5e-04  (  9.2% of budget)
blur k=5 (480, 640)   observed 3.052e-05  atol 5e-04  (  6.1% of budget)
blur k=9 (240, 320)   observed 4.578e-05  atol 5e-04  (  9.2% of budget)
blur k=9 (478, 638)   observed 4.578e-05  atol 5e-04  (  9.2% of budget)
blur k=9 (480, 640)   observed 4.578e-05  atol 5e-04  (  9.2% of budget)
blur k=15 (240, 320)  observed 4.578e-05  atol 5e-04  (  9.2% of budget)
blur k=15 (478, 638)  observed 4.578e-05  atol 5e-04  (  9.2% of budget)
blur k=15 (480, 640)  observed 6.104e-05  atol 5e-04  ( 12.2% of budget)
absdiff (240, 320)    observed 0.000e+00  atol 1e-05  (  0.0% of budget)
absdiff (478, 638)    observed 0.000e+00  atol 1e-05  (  0.0% of budget)
absdiff (480, 640)    observed 0.000e+00  atol 1e-05  (  0.0% of budget)
113 passed, 52 deselected in 230.51s (0:03:50)
